// Jest Snapshot v1, https://goo.gl/fbAQLP

exports[`<IconButton /> should match snapshot to assure that the component is being rendered correctly 1`] = `
<div>
  <button
    aria-label="Test label"
    class="rounded-full border-1 font-semibold outline outline-transparent outline-2 outline-offset-2 items-center flex justify-center px-base py-small lg:px-large text-base lg:py-[12px] bg-orange-300-contrast text-white hover:bg-orange-500 focus:bg-orange-300-contrast focus:outline-orange-100 btn-square py-0 mx-1 min-w-0 px-[12px]"
    type="button"
  >
    <div
      class="icon max-h-full max-w-full"
    >
      <svg
        data-file-name="SvgAddIcon"
      />
    </div>
  </button>
</div>
`;
