// Jest Snapshot v1, https://goo.gl/fbAQLP

exports[`LinkIconButton should match snapshot to assure that the component is being rendered correctly 1`] = `
<div>
  <a
    href="/test"
  >
    <button
      aria-label="Check button"
      class="rounded-full font-semibold h-[48px] px-large outline outline-transparent focus:outline-orange-300-contrast outline-2 outline-offset-2 items-center flex justify-center bg-orange-300-contrast text-white hover:bg-orange-500 btn-square py-0 mx-1 min-w-0 px-[12px]"
      type="button"
    >
      <div
        class="icon max-h-full max-w-full"
      >
        <svg
          data-file-name="SvgCheckIcon"
        />
      </div>
    </button>
  </a>
</div>
`;
