// Jest Snapshot v1, https://goo.gl/fbAQLP

exports[`<Icon /> should match snapshot to assure that the component is being rendered correctly 1`] = `
<div>
  <div
    class="icon"
  >
    <svg
      data-file-name="SvgAddIcon"
    />
  </div>
</div>
`;
