// Jest Snapshot v1, https://goo.gl/fbAQLP

exports[`Header should match snapshot to assure that the component is being rendered correctly 1`] = `
<div>
  <div
    class="mb-large lg:mb-xxlarge"
  >
    <div
      class="mb-large flex items-center justify-between lg:m-0"
    >
      <div
        class="flex items-center"
      >
        <h1
          class="lg:text-3xl text-xl font-bold text-neutral-950"
        >
          Test Title
        </h1>
      </div>
      <div>
        Primary
      </div>
    </div>
    <div>
      Secondary
    </div>
  </div>
</div>
`;
