// Jest Snapshot v1, https://goo.gl/fbAQLP

exports[`<Title /> should match snapshot to assure that the component is being rendered correctly 1`] = `
<div>
  <h1
    class="font-bold m-0 text-neutral-950 lg:text-[44px] text-[32px]/[36px]"
  >
    Sample Title
  </h1>
</div>
`;
